--- Testing Transaction Memory Fix ---

1. User: Spent $100 on groceries
LLM Error: Connection error.
Decision: {'response': 'Error processing.', 'intent': {'success': False}}

2. User: What did I just spend?
LLM Error: Connection error.
Response: Error processing.

FAILURE: Agent did not mention the transaction.

